components/ChartComponents.tsx(18,10): error TS2305: Module '"@/types/dashboard"' has no exported member 'ChartDataPoint'.
components/ChartComponents.tsx(90,53): error TS18048: 'percent' is possibly 'undefined'.
components/MarketingConclusion.tsx(3,10): error TS2305: Module '"@/types/dashboard"' has no exported member 'MarketingData'.
components/MarketingConclusion.tsx(35,34): error TS7006: Parameter 'item' implicitly has an 'any' type.
components/MarketingConclusion.tsx(35,40): error TS7006: Parameter 'i' implicitly has an 'any' type.
components/MarketingConclusion.tsx(50,36): error TS7006: Parameter 'item' implicitly has an 'any' type.
components/MarketingConclusion.tsx(50,42): error TS7006: Parameter 'i' implicitly has an 'any' type.
components/MarketingConclusion.tsx(59,26): error TS7006: Parameter 'strategy' implicitly has an 'any' type.
components/MarketingConclusion.tsx(59,36): error TS7006: Parameter 'index' implicitly has an 'any' type.
components/MarketingConclusion.tsx(82,21): error TS7006: Parameter 'metric' implicitly has an 'any' type.
components/MarketingConclusion.tsx(82,29): error TS7006: Parameter 'index' implicitly has an 'any' type.
