components/ChartComponents.tsx(18,10): error TS2305: Module '"@/types/dashboard"' has no exported member 'ChartDataPoint'.
components/ChartComponents.tsx(90,53): error TS18048: 'percent' is possibly 'undefined'.
components/DashboardView.tsx(3,29): error TS2307: Cannot find module '@/components/HeroSection' or its corresponding type declarations.
